// Jest Snapshot v1, https://goo.gl/fbAQLP

exports[`getCars should call app.get with correct path 1`] = `
Array [
  "/cars/",
  "getCarsHandlerMockFunction",
]
`;

exports[`getCarsById should call app.get with correct path 1`] = `
Array [
  "/cars/:id/",
  "getCarsByIdHandlerMockFunction",
]
`;
