// Jest Snapshot v1, https://goo.gl/fbAQLP

exports[`mockPassword should return mock value 1`] = `"mock-hash-12345"`;

exports[`mockUsername should return mock value 1`] = `"test"`;
